2026-06-10 18:33:36,882 INFO  tests.GUIElementsTest - Entering Name
2026-06-10 18:33:37,474 INFO  tests.GUIElementsTest - Entering Email
2026-06-10 18:33:37,680 INFO  tests.GUIElementsTest - Entering Phone
2026-06-10 18:33:37,873 INFO  tests.GUIElementsTest - Entering Address
2026-06-10 18:33:38,061 INFO  tests.GUIElementsTest - Selecting Gender
2026-06-10 18:33:38,269 INFO  tests.GUIElementsTest - Selecting Monday Checkbox
2026-06-10 18:33:38,467 INFO  tests.GUIElementsTest - Selecting Country
2026-06-10 18:33:38,903 INFO  tests.GUIElementsTest - Selecting Colors
2026-06-10 18:33:39,739 INFO  tests.GUIElementsTest - Selecting Animal
2026-06-10 18:33:39,977 INFO  tests.GUIElementsTest - Test Completed Successfully
2026-06-11 10:35:03,913 INFO  tests.GUIElementsTest - Entering Name
2026-06-11 10:35:04,743 INFO  tests.GUIElementsTest - Entering Email
2026-06-11 10:35:05,280 INFO  tests.GUIElementsTest - Entering Phone
2026-06-11 10:35:05,518 INFO  tests.GUIElementsTest - Entering Address
2026-06-11 10:35:05,833 INFO  tests.GUIElementsTest - Selecting Gender
2026-06-11 10:35:06,490 INFO  tests.GUIElementsTest - Selecting Monday Checkbox
2026-06-11 10:35:06,821 INFO  tests.GUIElementsTest - Selecting Country
2026-06-11 10:35:07,497 INFO  tests.GUIElementsTest - Selecting Colors
2026-06-11 10:35:08,404 INFO  tests.GUIElementsTest - Selecting Animal
2026-06-11 10:35:08,656 INFO  tests.GUIElementsTest - GUI Elements Validation Completed Successfully
2026-06-11 10:35:20,461 INFO  tests.GUIElementsTest - Selecting Date Picker 1
2026-06-11 10:35:21,389 INFO  tests.GUIElementsTest - Selecting Date Picker 2
2026-06-11 10:35:21,475 INFO  tests.GUIElementsTest - Selecting Date Range
2026-06-11 10:42:51,627 INFO  tests.GUIElementsTest - Entering Name
2026-06-11 10:42:52,272 INFO  tests.GUIElementsTest - Entering Email
2026-06-11 10:42:52,668 INFO  tests.GUIElementsTest - Entering Phone
2026-06-11 10:42:52,930 INFO  tests.GUIElementsTest - Entering Address
2026-06-11 10:42:53,162 INFO  tests.GUIElementsTest - Selecting Gender
2026-06-11 10:42:53,595 INFO  tests.GUIElementsTest - Selecting Monday Checkbox
2026-06-11 10:42:53,855 INFO  tests.GUIElementsTest - Selecting Country
2026-06-11 10:42:54,207 INFO  tests.GUIElementsTest - Selecting Colors
2026-06-11 10:42:55,114 INFO  tests.GUIElementsTest - Selecting Animal
2026-06-11 10:42:55,375 INFO  tests.GUIElementsTest - GUI Elements Validation Completed Successfully
2026-06-11 10:43:02,544 INFO  tests.GUIElementsTest - Selecting Date Picker 1
2026-06-11 10:43:08,856 INFO  tests.GUIElementsTest - Selecting Date Picker 2
2026-06-11 10:43:09,103 INFO  tests.GUIElementsTest - Selecting Date Range
2026-06-11 10:43:10,102 INFO  tests.GUIElementsTest - Date Picker Validation Completed
2026-06-11 10:43:49,584 INFO  tests.GUIElementsTest - Entering Name
2026-06-11 10:43:50,227 INFO  tests.GUIElementsTest - Entering Email
2026-06-11 10:43:50,552 INFO  tests.GUIElementsTest - Entering Phone
2026-06-11 10:43:50,757 INFO  tests.GUIElementsTest - Entering Address
2026-06-11 10:43:50,989 INFO  tests.GUIElementsTest - Selecting Gender
2026-06-11 10:43:51,582 INFO  tests.GUIElementsTest - Selecting Monday Checkbox
2026-06-11 10:43:51,815 INFO  tests.GUIElementsTest - Selecting Country
2026-06-11 10:43:52,121 INFO  tests.GUIElementsTest - Selecting Colors
2026-06-11 10:43:52,836 INFO  tests.GUIElementsTest - Selecting Animal
2026-06-11 10:43:53,071 INFO  tests.GUIElementsTest - GUI Elements Validation Completed Successfully
2026-06-11 10:44:04,671 INFO  tests.GUIElementsTest - Selecting Date Picker 1
2026-06-11 10:44:05,575 INFO  tests.GUIElementsTest - Selecting Date Picker 2
2026-06-11 10:44:06,017 INFO  tests.GUIElementsTest - Selecting Date Range
2026-06-11 10:44:06,799 INFO  tests.GUIElementsTest - Date Picker Validation Completed
2026-06-11 11:32:40,119 INFO  tests.GUIElementsTest - Entering Name
2026-06-11 11:32:40,631 INFO  tests.GUIElementsTest - Entering Email
2026-06-11 11:32:40,801 INFO  tests.GUIElementsTest - Entering Phone
2026-06-11 11:32:41,033 INFO  tests.GUIElementsTest - Entering Address
2026-06-11 11:32:41,192 INFO  tests.GUIElementsTest - Selecting Gender
2026-06-11 11:32:41,420 INFO  tests.GUIElementsTest - Selecting Monday Checkbox
2026-06-11 11:32:41,585 INFO  tests.GUIElementsTest - Selecting Country
2026-06-11 11:32:41,948 INFO  tests.GUIElementsTest - Selecting Colors
2026-06-11 11:32:42,498 INFO  tests.GUIElementsTest - Selecting Animal
2026-06-11 11:32:42,677 INFO  tests.GUIElementsTest - GUI Elements Validation Completed Successfully
2026-06-11 11:32:53,125 INFO  tests.GUIElementsTest - Selecting Date Picker 1
2026-06-11 11:32:53,526 INFO  tests.GUIElementsTest - Selecting Date Picker 2
2026-06-11 11:32:54,011 INFO  tests.GUIElementsTest - Selecting Date Range
2026-06-11 11:32:54,666 INFO  tests.GUIElementsTest - Date Picker Validation Completed
2026-06-11 11:33:04,629 INFO  tests.GUIElementsTest - Uploading Single File
2026-06-11 11:33:05,010 INFO  tests.GUIElementsTest - Single file selected: Resume.pdf, Size: 0 bytes, Type: application/pdf
2026-06-11 11:33:05,010 INFO  tests.GUIElementsTest - Uploading Multiple Files
2026-06-11 11:33:05,356 INFO  tests.GUIElementsTest - Multiple files selected:
Sample1.txt, Size: 0 bytes, Type: text/plain
Sample2.txt, Size: 0 bytes, Type: text/plain
2026-06-11 11:48:46,587 INFO  tests.GUIElementsTest - Entering Name
2026-06-11 11:48:47,995 INFO  tests.GUIElementsTest - Entering Email
2026-06-11 11:48:48,413 INFO  tests.GUIElementsTest - Entering Phone
2026-06-11 11:48:48,928 INFO  tests.GUIElementsTest - Entering Address
2026-06-11 11:48:50,578 INFO  tests.GUIElementsTest - Selecting Gender
2026-06-11 11:48:51,275 INFO  tests.GUIElementsTest - Selecting Monday Checkbox
2026-06-11 11:48:51,524 INFO  tests.GUIElementsTest - Selecting Country
2026-06-11 11:48:52,092 INFO  tests.GUIElementsTest - Selecting Colors
2026-06-11 11:48:53,973 INFO  tests.GUIElementsTest - Selecting Animal
2026-06-11 11:48:54,467 INFO  tests.GUIElementsTest - GUI Elements Validation Completed Successfully
2026-06-11 11:49:13,109 INFO  tests.GUIElementsTest - Selecting Date Picker 1
2026-06-11 11:49:14,070 INFO  tests.GUIElementsTest - Selecting Date Picker 2
2026-06-11 11:49:14,349 INFO  tests.GUIElementsTest - Selecting Date Range
2026-06-11 11:49:15,737 INFO  tests.GUIElementsTest - Date Picker Validation Completed
2026-06-11 11:49:27,196 INFO  tests.GUIElementsTest - Uploading Single File
2026-06-11 11:49:27,776 INFO  tests.GUIElementsTest - Single file selected: Resume.pdf, Size: 0 bytes, Type: application/pdf
2026-06-11 11:49:27,776 INFO  tests.GUIElementsTest - Uploading Multiple Files
2026-06-11 11:49:28,674 INFO  tests.GUIElementsTest - Multiple files selected:
Sample1.txt, Size: 0 bytes, Type: text/plain
Sample2.txt, Size: 0 bytes, Type: text/plain
2026-06-11 11:49:42,523 INFO  tests.GUIElementsTest - Selecting Laptop
2026-06-11 11:49:43,648 INFO  tests.GUIElementsTest - Selecting Smartwatch
2026-06-11 11:58:33,362 INFO  tests.GUIElementsTest - Entering Name
2026-06-11 11:58:34,014 INFO  tests.GUIElementsTest - Entering Email
2026-06-11 11:58:34,248 INFO  tests.GUIElementsTest - Entering Phone
2026-06-11 11:58:34,531 INFO  tests.GUIElementsTest - Entering Address
2026-06-11 11:58:34,816 INFO  tests.GUIElementsTest - Selecting Gender
2026-06-11 11:58:35,315 INFO  tests.GUIElementsTest - Selecting Monday Checkbox
2026-06-11 11:58:35,594 INFO  tests.GUIElementsTest - Selecting Country
2026-06-11 11:58:36,013 INFO  tests.GUIElementsTest - Selecting Colors
2026-06-11 11:58:37,203 INFO  tests.GUIElementsTest - Selecting Animal
2026-06-11 11:58:37,742 INFO  tests.GUIElementsTest - GUI Elements Validation Completed Successfully
2026-06-11 11:58:50,566 INFO  tests.GUIElementsTest - Selecting Date Picker 1
2026-06-11 11:58:51,399 INFO  tests.GUIElementsTest - Selecting Date Picker 2
2026-06-11 11:58:51,716 INFO  tests.GUIElementsTest - Selecting Date Range
2026-06-11 11:58:52,723 INFO  tests.GUIElementsTest - Date Picker Validation Completed
2026-06-11 11:58:59,035 INFO  tests.GUIElementsTest - Uploading Single File
2026-06-11 11:59:03,424 INFO  tests.GUIElementsTest - Single file selected: Resume.pdf, Size: 0 bytes, Type: application/pdf
2026-06-11 11:59:03,428 INFO  tests.GUIElementsTest - Uploading Multiple Files
2026-06-11 11:59:04,162 INFO  tests.GUIElementsTest - Multiple files selected:
Sample1.txt, Size: 0 bytes, Type: text/plain
Sample2.txt, Size: 0 bytes, Type: text/plain
2026-06-11 11:59:14,171 INFO  tests.GUIElementsTest - Selecting Laptop
2026-06-11 11:59:14,878 INFO  tests.GUIElementsTest - Selecting Smartwatch
2026-06-11 11:59:15,618 INFO  tests.GUIElementsTest - Pagination Table Validation Passed
2026-06-11 12:23:20,654 INFO  tests.GUIElementsTest - Searching Animal
2026-06-11 12:23:22,653 INFO  tests.GUIElementsTest - Clicking Animal Result
2026-06-11 12:23:23,454 INFO  tests.GUIElementsTest - Switched To Child Window
2026-06-11 12:23:28,417 INFO  tests.GUIElementsTest - Returned To Parent Window
2026-06-11 12:40:29,700 INFO  tests.GUIElementsTest - Handling Simple Alert
2026-06-11 12:40:30,546 INFO  tests.GUIElementsTest - Handling Confirmation Alert
2026-06-11 12:40:31,572 INFO  tests.GUIElementsTest - Handling Prompt Alert
2026-06-11 12:40:52,348 INFO  tests.GUIElementsTest - New Tab Opened
2026-06-11 12:41:20,719 INFO  tests.GUIElementsTest - Popup Windows Handled
2026-06-11 12:58:24,139 INFO  tests.GUIElementsTest - Hovering Over Menu
2026-06-11 12:58:24,856 INFO  tests.GUIElementsTest - Mouse Hover Completed
2026-06-11 12:58:33,537 INFO  tests.GUIElementsTest - Performing Double Click
2026-06-11 12:58:33,853 INFO  tests.GUIElementsTest - Double Click Completed
2026-06-11 12:58:40,811 INFO  tests.GUIElementsTest - Performing Drag and Drop
2026-06-11 12:58:41,177 INFO  tests.GUIElementsTest - Drag and Drop Completed
2026-06-11 14:16:21,960 INFO  tests.GUIElementsTest - Setting Slider Range
2026-06-11 14:16:24,930 INFO  tests.GUIElementsTest - Selecting Item 50
2026-06-11 14:16:25,816 INFO  tests.GUIElementsTest - Opening Lenovo Link
2026-06-11 14:25:31,081 INFO  tests.GUIElementsTest - Setting Slider Range
2026-06-11 14:25:42,790 INFO  tests.GUIElementsTest - Selecting Item 50
2026-06-11 14:25:43,701 INFO  tests.GUIElementsTest - Opening Lenovo Link
2026-06-11 14:26:01,219 INFO  tests.GUIElementsTest - Verifying Broken Links
2026-06-11 14:31:19,777 INFO  tests.GUIElementsTest - Entering Name
2026-06-11 14:31:20,342 INFO  tests.GUIElementsTest - Entering Email
2026-06-11 14:31:20,899 INFO  tests.GUIElementsTest - Entering Phone
2026-06-11 14:31:21,139 INFO  tests.GUIElementsTest - Entering Address
2026-06-11 14:31:21,386 INFO  tests.GUIElementsTest - Selecting Gender
2026-06-11 14:31:21,871 INFO  tests.GUIElementsTest - Selecting Monday Checkbox
2026-06-11 14:31:22,137 INFO  tests.GUIElementsTest - Selecting Country
2026-06-11 14:31:22,628 INFO  tests.GUIElementsTest - Selecting Colors
2026-06-11 14:31:24,151 INFO  tests.GUIElementsTest - Selecting Animal
2026-06-11 14:31:24,730 INFO  tests.GUIElementsTest - GUI Elements Validation Completed Successfully
2026-06-11 14:31:37,122 INFO  tests.GUIElementsTest - Selecting Date Picker 1
2026-06-11 14:31:38,425 INFO  tests.GUIElementsTest - Selecting Date Picker 2
2026-06-11 14:31:38,753 INFO  tests.GUIElementsTest - Selecting Date Range
2026-06-11 14:31:39,906 INFO  tests.GUIElementsTest - Date Picker Validation Completed
2026-06-11 14:31:48,359 INFO  tests.GUIElementsTest - Uploading Single File
2026-06-11 14:31:49,314 INFO  tests.GUIElementsTest - Single file selected: Resume.pdf, Size: 0 bytes, Type: application/pdf
2026-06-11 14:31:49,314 INFO  tests.GUIElementsTest - Uploading Multiple Files
2026-06-11 14:31:49,674 INFO  tests.GUIElementsTest - Multiple files selected:
Sample1.txt, Size: 0 bytes, Type: text/plain
Sample2.txt, Size: 0 bytes, Type: text/plain
2026-06-11 14:31:58,073 INFO  tests.GUIElementsTest - Selecting Laptop
2026-06-11 14:31:58,968 INFO  tests.GUIElementsTest - Selecting Smartwatch
2026-06-11 14:31:59,836 INFO  tests.GUIElementsTest - Pagination Table Validation Passed
2026-06-11 14:32:09,183 INFO  tests.GUIElementsTest - Searching Animal
2026-06-11 14:32:11,254 INFO  tests.GUIElementsTest - Clicking Animal Result
2026-06-11 14:32:12,211 INFO  tests.GUIElementsTest - Switched To Child Window
2026-06-11 14:32:16,627 INFO  tests.GUIElementsTest - Returned To Parent Window
2026-06-11 14:32:21,913 INFO  tests.GUIElementsTest - Handling Simple Alert
2026-06-11 14:32:26,054 INFO  tests.GUIElementsTest - Handling Confirmation Alert
2026-06-11 14:32:26,684 INFO  tests.GUIElementsTest - Handling Prompt Alert
2026-06-11 14:32:36,089 INFO  tests.GUIElementsTest - New Tab Opened
2026-06-11 14:32:53,255 INFO  tests.GUIElementsTest - Popup Windows Handled
2026-06-11 14:33:03,051 INFO  tests.GUIElementsTest - Hovering Over Menu
2026-06-11 14:33:08,993 INFO  tests.GUIElementsTest - Mouse Hover Completed
2026-06-11 14:33:17,900 INFO  tests.GUIElementsTest - Performing Double Click
2026-06-11 14:33:18,613 INFO  tests.GUIElementsTest - Double Click Completed
2026-06-11 14:33:28,908 INFO  tests.GUIElementsTest - Performing Drag and Drop
2026-06-11 14:33:29,405 INFO  tests.GUIElementsTest - Drag and Drop Completed
2026-06-11 14:33:38,169 INFO  tests.GUIElementsTest - Setting Slider Range
2026-06-11 14:33:40,478 INFO  tests.GUIElementsTest - Selecting Item 50
2026-06-11 14:33:41,035 INFO  tests.GUIElementsTest - Opening Lenovo Link
2026-06-11 14:34:00,850 INFO  tests.GUIElementsTest - Verifying Broken Links
2026-06-11 14:46:52,189 INFO  tests.GUIElementsTest - Entering Name
2026-06-11 14:46:52,995 INFO  tests.GUIElementsTest - Entering Email
2026-06-11 14:46:53,325 INFO  tests.GUIElementsTest - Entering Phone
2026-06-11 14:46:53,609 INFO  tests.GUIElementsTest - Entering Address
2026-06-11 14:46:54,004 INFO  tests.GUIElementsTest - Selecting Gender
2026-06-11 14:46:54,261 INFO  tests.GUIElementsTest - Selecting Monday Checkbox
2026-06-11 14:46:54,535 INFO  tests.GUIElementsTest - Selecting Country
2026-06-11 14:46:54,845 INFO  tests.GUIElementsTest - Selecting Colors
2026-06-11 14:46:55,542 INFO  tests.GUIElementsTest - Selecting Animal
2026-06-11 14:46:55,774 INFO  tests.GUIElementsTest - GUI Elements Validation Completed Successfully
2026-06-11 14:46:55,908 INFO  tests.GUIElementsTest - Selecting Date Picker 1
2026-06-11 14:46:56,515 INFO  tests.GUIElementsTest - Selecting Date Picker 2
2026-06-11 14:46:56,776 INFO  tests.GUIElementsTest - Selecting Date Range
2026-06-11 14:46:58,460 INFO  tests.GUIElementsTest - Date Picker Validation Completed
2026-06-11 14:46:58,490 INFO  tests.GUIElementsTest - Uploading Single File
2026-06-11 14:46:59,070 INFO  tests.GUIElementsTest - Single file selected: Resume.pdf, Size: 0 bytes, Type: application/pdf
2026-06-11 14:46:59,070 INFO  tests.GUIElementsTest - Uploading Multiple Files
2026-06-11 14:46:59,576 INFO  tests.GUIElementsTest - Multiple files selected:
Sample1.txt, Size: 0 bytes, Type: text/plain
Sample2.txt, Size: 0 bytes, Type: text/plain
2026-06-11 14:46:59,607 INFO  tests.GUIElementsTest - Selecting Laptop
2026-06-11 14:47:00,310 INFO  tests.GUIElementsTest - Selecting Smartwatch
2026-06-11 14:47:00,883 INFO  tests.GUIElementsTest - Pagination Table Validation Passed
2026-06-11 14:47:00,903 INFO  tests.GUIElementsTest - Searching Animal
2026-06-11 14:47:04,243 INFO  tests.GUIElementsTest - Clicking Animal Result
2026-06-11 14:47:05,047 INFO  tests.GUIElementsTest - Switched To Child Window
2026-06-11 14:47:08,168 INFO  tests.GUIElementsTest - Returned To Parent Window
2026-06-11 14:47:08,224 INFO  tests.GUIElementsTest - Handling Simple Alert
2026-06-11 14:47:09,071 INFO  tests.GUIElementsTest - Handling Confirmation Alert
2026-06-11 14:47:09,965 INFO  tests.GUIElementsTest - Handling Prompt Alert
2026-06-11 14:47:11,236 INFO  tests.GUIElementsTest - New Tab Opened
2026-06-11 14:47:19,404 INFO  tests.GUIElementsTest - Popup Windows Handled
2026-06-11 14:47:19,449 INFO  tests.GUIElementsTest - Hovering Over Menu
2026-06-11 14:47:22,567 INFO  tests.GUIElementsTest - Mouse Hover Completed
2026-06-11 14:47:22,634 INFO  tests.GUIElementsTest - Performing Double Click
2026-06-11 14:47:24,235 INFO  tests.GUIElementsTest - Double Click Completed
2026-06-11 14:47:24,268 INFO  tests.GUIElementsTest - Performing Drag and Drop
2026-06-11 14:47:25,917 INFO  tests.GUIElementsTest - Drag and Drop Completed
2026-06-11 14:47:25,929 INFO  tests.GUIElementsTest - Setting Slider Range
2026-06-11 14:47:30,100 INFO  tests.GUIElementsTest - Selecting Item 50
2026-06-11 14:47:30,800 INFO  tests.GUIElementsTest - Opening Lenovo Link
2026-06-11 14:47:46,855 INFO  tests.GUIElementsTest - Verifying Broken Links
2026-06-11 15:11:45,382 INFO  tests.GUIElementsTest - Entering Name
2026-06-11 15:11:48,250 INFO  tests.GUIElementsTest - Entering Email
2026-06-11 15:11:50,676 INFO  tests.GUIElementsTest - Entering Phone
2026-06-11 15:11:52,992 INFO  tests.GUIElementsTest - Entering Address
2026-06-11 15:11:55,441 INFO  tests.GUIElementsTest - Selecting Gender
2026-06-11 15:11:57,828 INFO  tests.GUIElementsTest - Selecting Monday Checkbox
2026-06-11 15:12:00,056 INFO  tests.GUIElementsTest - Selecting Country
2026-06-11 15:12:02,853 INFO  tests.GUIElementsTest - Selecting Colors
2026-06-11 15:12:05,740 INFO  tests.GUIElementsTest - Selecting Animal
2026-06-11 15:12:08,137 INFO  tests.GUIElementsTest - GUI Elements Validation Completed Successfully
2026-06-11 15:12:08,268 INFO  tests.GUIElementsTest - Selecting Date Picker 1
2026-06-11 15:12:11,154 INFO  tests.GUIElementsTest - Selecting Date Picker 2
2026-06-11 15:12:13,471 INFO  tests.GUIElementsTest - Selecting Date Range
2026-06-11 15:12:17,000 INFO  tests.GUIElementsTest - Date Picker Validation Completed
2026-06-11 15:12:17,028 INFO  tests.GUIElementsTest - Uploading Single File
2026-06-11 15:12:19,536 INFO  tests.GUIElementsTest - Single file selected: Resume.pdf, Size: 0 bytes, Type: application/pdf
2026-06-11 15:12:19,537 INFO  tests.GUIElementsTest - Uploading Multiple Files
2026-06-11 15:12:21,964 INFO  tests.GUIElementsTest - Multiple files selected:
Sample1.txt, Size: 0 bytes, Type: text/plain
Sample2.txt, Size: 0 bytes, Type: text/plain
2026-06-11 15:12:21,987 INFO  tests.GUIElementsTest - Selecting Laptop
2026-06-11 15:12:24,894 INFO  tests.GUIElementsTest - Selecting Smartwatch
2026-06-11 15:12:27,831 INFO  tests.GUIElementsTest - Pagination Table Validation Passed
2026-06-11 15:12:27,841 INFO  tests.GUIElementsTest - Searching Animal
2026-06-11 15:12:29,400 INFO  tests.GUIElementsTest - Clicking Animal Result
2026-06-11 15:12:30,713 INFO  tests.GUIElementsTest - Switched To Child Window
2026-06-11 15:12:36,067 INFO  tests.GUIElementsTest - Returned To Parent Window
2026-06-11 15:12:36,173 INFO  tests.GUIElementsTest - Handling Simple Alert
2026-06-11 15:12:38,627 INFO  tests.GUIElementsTest - Handling Confirmation Alert
2026-06-11 15:12:41,586 INFO  tests.GUIElementsTest - Handling Prompt Alert
2026-06-11 15:12:45,872 INFO  tests.GUIElementsTest - New Tab Opened
2026-06-11 15:12:56,848 INFO  tests.GUIElementsTest - Popup Windows Handled
2026-06-11 15:12:56,899 INFO  tests.GUIElementsTest - Hovering Over Menu
2026-06-11 15:13:03,033 INFO  tests.GUIElementsTest - Mouse Hover Completed
2026-06-11 15:13:03,083 INFO  tests.GUIElementsTest - Performing Double Click
2026-06-11 15:13:05,478 INFO  tests.GUIElementsTest - Double Click Completed
2026-06-11 15:13:05,530 INFO  tests.GUIElementsTest - Performing Drag and Drop
2026-06-11 15:13:08,248 INFO  tests.GUIElementsTest - Drag and Drop Completed
2026-06-11 15:13:08,287 INFO  tests.GUIElementsTest - Setting Slider Range
2026-06-11 15:13:12,720 INFO  tests.GUIElementsTest - Selecting Item 50
2026-06-11 15:13:15,969 INFO  tests.GUIElementsTest - Opening Lenovo Link
2026-06-11 15:13:35,682 INFO  tests.GUIElementsTest - Verifying Broken Links
2026-06-11 15:40:50,917 INFO  tests.GUIElementsTest - Entering Name
2026-06-11 15:40:53,973 INFO  tests.GUIElementsTest - Entering Email
2026-06-11 15:40:56,353 INFO  tests.GUIElementsTest - Entering Phone
2026-06-11 15:40:58,775 INFO  tests.GUIElementsTest - Entering Address
2026-06-11 15:41:01,107 INFO  tests.GUIElementsTest - Selecting Gender
2026-06-11 15:41:03,412 INFO  tests.GUIElementsTest - Selecting Monday Checkbox
2026-06-11 15:41:05,907 INFO  tests.GUIElementsTest - Selecting Country
2026-06-11 15:41:08,732 INFO  tests.GUIElementsTest - Selecting Colors
2026-06-11 15:41:13,125 INFO  tests.GUIElementsTest - Selecting Animal
2026-06-11 15:41:15,894 INFO  tests.GUIElementsTest - GUI Elements Validation Completed Successfully
2026-06-11 15:41:16,706 INFO  tests.GUIElementsTest - Selecting Date Picker 1
2026-06-11 15:41:21,395 INFO  tests.GUIElementsTest - Selecting Date Picker 2
2026-06-11 15:41:24,313 INFO  tests.GUIElementsTest - Selecting Date Range
2026-06-11 15:41:27,705 INFO  tests.GUIElementsTest - Date Picker Validation Completed
2026-06-11 15:41:27,784 INFO  tests.GUIElementsTest - Uploading Single File
2026-06-11 15:41:30,308 INFO  tests.GUIElementsTest - Single file selected: Resume.pdf, Size: 0 bytes, Type: application/pdf
2026-06-11 15:41:30,312 INFO  tests.GUIElementsTest - Uploading Multiple Files
2026-06-11 15:41:32,924 INFO  tests.GUIElementsTest - Multiple files selected:
Sample1.txt, Size: 0 bytes, Type: text/plain
Sample2.txt, Size: 0 bytes, Type: text/plain
2026-06-11 15:41:32,963 INFO  tests.GUIElementsTest - Selecting Laptop
2026-06-11 15:41:36,334 INFO  tests.GUIElementsTest - Selecting Smartwatch
2026-06-11 15:41:39,112 INFO  tests.GUIElementsTest - Pagination Table Validation Passed
2026-06-11 15:41:39,143 INFO  tests.GUIElementsTest - Searching Animal
2026-06-11 15:41:41,000 INFO  tests.GUIElementsTest - Clicking Animal Result
2026-06-11 15:41:47,453 INFO  tests.GUIElementsTest - Switched To Child Window
2026-06-11 15:41:50,523 INFO  tests.GUIElementsTest - Returned To Parent Window
2026-06-11 15:41:50,581 INFO  tests.GUIElementsTest - Handling Simple Alert
2026-06-11 15:41:53,159 INFO  tests.GUIElementsTest - Handling Confirmation Alert
2026-06-11 15:41:56,761 INFO  tests.GUIElementsTest - Handling Prompt Alert
2026-06-11 15:42:01,572 INFO  tests.GUIElementsTest - New Tab Opened
2026-06-11 15:42:13,646 INFO  tests.GUIElementsTest - Popup Windows Handled
2026-06-11 15:42:13,711 INFO  tests.GUIElementsTest - Hovering Over Menu
2026-06-11 15:42:16,618 INFO  tests.GUIElementsTest - Performing Double Click
2026-06-11 15:42:19,097 INFO  tests.GUIElementsTest - Double Click Completed
2026-06-11 15:42:19,125 INFO  tests.GUIElementsTest - Performing Drag and Drop
2026-06-11 15:42:21,532 INFO  tests.GUIElementsTest - Drag and Drop Completed
2026-06-11 15:42:21,552 INFO  tests.GUIElementsTest - Setting Slider Range
2026-06-11 15:42:25,678 INFO  tests.GUIElementsTest - Selecting Item 50
2026-06-11 15:42:28,458 INFO  tests.GUIElementsTest - Opening Lenovo Link
2026-06-11 15:42:49,266 INFO  tests.GUIElementsTest - Verifying Broken Links
